Archive member included to satisfy reference by file (symbol)

C:/PROGRA~2/ARMGNU~1/14EFD8~1.2RE/bin/../lib/gcc/arm-none-eabi/14.2.1/thumb/v7e-m/nofp\libgcc.a(_aeabi_uldivmod.o)
                              CMakeFiles/dino_stm32.elf.dir/Drivers/STM32F4xx_HAL_Driver/Src/stm32f4xx_hal_rcc.c.obj (__aeabi_uldivmod)
C:/PROGRA~2/ARMGNU~1/14EFD8~1.2RE/bin/../lib/gcc/arm-none-eabi/14.2.1/thumb/v7e-m/nofp\libgcc.a(_udivmoddi4.o)
                              C:/PROGRA~2/ARMGNU~1/14EFD8~1.2RE/bin/../lib/gcc/arm-none-eabi/14.2.1/thumb/v7e-m/nofp\libgcc.a(_aeabi_uldivmod.o) (__udivmoddi4)
C:/PROGRA~2/ARMGNU~1/14EFD8~1.2RE/bin/../lib/gcc/arm-none-eabi/14.2.1/thumb/v7e-m/nofp\libgcc.a(_dvmd_tls.o)
                              C:/PROGRA~2/ARMGNU~1/14EFD8~1.2RE/bin/../lib/gcc/arm-none-eabi/14.2.1/thumb/v7e-m/nofp\libgcc.a(_aeabi_uldivmod.o) (__aeabi_ldiv0)
C:/PROGRA~2/ARMGNU~1/14EFD8~1.2RE/bin/../lib/gcc/arm-none-eabi/14.2.1/thumb/v7e-m/nofp\libg.a(libc_a-exit.o)
                              C:/PROGRA~2/ARMGNU~1/14EFD8~1.2RE/bin/../lib/gcc/arm-none-eabi/14.2.1/thumb/v7e-m/nofp/crt0.o (exit)
C:/PROGRA~2/ARMGNU~1/14EFD8~1.2RE/bin/../lib/gcc/arm-none-eabi/14.2.1/thumb/v7e-m/nofp\libg.a(libc_a-malloc.o)
                              CMakeFiles/dino_stm32.elf.dir/Core/ThreadSafe/newlib_lock_glue.c.obj (malloc)
C:/PROGRA~2/ARMGNU~1/14EFD8~1.2RE/bin/../lib/gcc/arm-none-eabi/14.2.1/thumb/v7e-m/nofp\libg.a(libc_a-mallocr.o)
                              C:/PROGRA~2/ARMGNU~1/14EFD8~1.2RE/bin/../lib/gcc/arm-none-eabi/14.2.1/thumb/v7e-m/nofp\libg.a(libc_a-malloc.o) (_malloc_r)
C:/PROGRA~2/ARMGNU~1/14EFD8~1.2RE/bin/../lib/gcc/arm-none-eabi/14.2.1/thumb/v7e-m/nofp\libg.a(libc_a-mlock.o)
                              C:/PROGRA~2/ARMGNU~1/14EFD8~1.2RE/bin/../lib/gcc/arm-none-eabi/14.2.1/thumb/v7e-m/nofp\libg.a(libc_a-mallocr.o) (__malloc_lock)
C:/PROGRA~2/ARMGNU~1/14EFD8~1.2RE/bin/../lib/gcc/arm-none-eabi/14.2.1/thumb/v7e-m/nofp\libg.a(libc_a-findfp.o)
                              C:/PROGRA~2/ARMGNU~1/14EFD8~1.2RE/bin/../lib/gcc/arm-none-eabi/14.2.1/thumb/v7e-m/nofp\libg.a(libc_a-exit.o) (__stdio_exit_handler)
C:/PROGRA~2/ARMGNU~1/14EFD8~1.2RE/bin/../lib/gcc/arm-none-eabi/14.2.1/thumb/v7e-m/nofp\libg.a(libc_a-fwalk.o)
                              C:/PROGRA~2/ARMGNU~1/14EFD8~1.2RE/bin/../lib/gcc/arm-none-eabi/14.2.1/thumb/v7e-m/nofp\libg.a(libc_a-findfp.o) (_fwalk_sglue)
C:/PROGRA~2/ARMGNU~1/14EFD8~1.2RE/bin/../lib/gcc/arm-none-eabi/14.2.1/thumb/v7e-m/nofp\libg.a(libc_a-stdio.o)
                              C:/PROGRA~2/ARMGNU~1/14EFD8~1.2RE/bin/../lib/gcc/arm-none-eabi/14.2.1/thumb/v7e-m/nofp\libg.a(libc_a-findfp.o) (__sread)
C:/PROGRA~2/ARMGNU~1/14EFD8~1.2RE/bin/../lib/gcc/arm-none-eabi/14.2.1/thumb/v7e-m/nofp\libg.a(libc_a-memset.o)
                              C:/PROGRA~2/ARMGNU~1/14EFD8~1.2RE/bin/../lib/gcc/arm-none-eabi/14.2.1/thumb/v7e-m/nofp/crt0.o (memset)
C:/PROGRA~2/ARMGNU~1/14EFD8~1.2RE/bin/../lib/gcc/arm-none-eabi/14.2.1/thumb/v7e-m/nofp\libg.a(libc_a-closer.o)
                              C:/PROGRA~2/ARMGNU~1/14EFD8~1.2RE/bin/../lib/gcc/arm-none-eabi/14.2.1/thumb/v7e-m/nofp\libg.a(libc_a-stdio.o) (_close_r)
C:/PROGRA~2/ARMGNU~1/14EFD8~1.2RE/bin/../lib/gcc/arm-none-eabi/14.2.1/thumb/v7e-m/nofp\libg.a(libc_a-reent.o)
                              C:/PROGRA~2/ARMGNU~1/14EFD8~1.2RE/bin/../lib/gcc/arm-none-eabi/14.2.1/thumb/v7e-m/nofp\libg.a(libc_a-closer.o) (errno)
C:/PROGRA~2/ARMGNU~1/14EFD8~1.2RE/bin/../lib/gcc/arm-none-eabi/14.2.1/thumb/v7e-m/nofp\libg.a(libc_a-impure.o)
                              C:/PROGRA~2/ARMGNU~1/14EFD8~1.2RE/bin/../lib/gcc/arm-none-eabi/14.2.1/thumb/v7e-m/nofp\libg.a(libc_a-malloc.o) (_impure_ptr)
C:/PROGRA~2/ARMGNU~1/14EFD8~1.2RE/bin/../lib/gcc/arm-none-eabi/14.2.1/thumb/v7e-m/nofp\libg.a(libc_a-lseekr.o)
                              C:/PROGRA~2/ARMGNU~1/14EFD8~1.2RE/bin/../lib/gcc/arm-none-eabi/14.2.1/thumb/v7e-m/nofp\libg.a(libc_a-stdio.o) (_lseek_r)
C:/PROGRA~2/ARMGNU~1/14EFD8~1.2RE/bin/../lib/gcc/arm-none-eabi/14.2.1/thumb/v7e-m/nofp\libg.a(libc_a-readr.o)
                              C:/PROGRA~2/ARMGNU~1/14EFD8~1.2RE/bin/../lib/gcc/arm-none-eabi/14.2.1/thumb/v7e-m/nofp\libg.a(libc_a-stdio.o) (_read_r)
C:/PROGRA~2/ARMGNU~1/14EFD8~1.2RE/bin/../lib/gcc/arm-none-eabi/14.2.1/thumb/v7e-m/nofp\libg.a(libc_a-sbrkr.o)
                              C:/PROGRA~2/ARMGNU~1/14EFD8~1.2RE/bin/../lib/gcc/arm-none-eabi/14.2.1/thumb/v7e-m/nofp\libg.a(libc_a-mallocr.o) (_sbrk_r)
C:/PROGRA~2/ARMGNU~1/14EFD8~1.2RE/bin/../lib/gcc/arm-none-eabi/14.2.1/thumb/v7e-m/nofp\libg.a(libc_a-writer.o)
                              C:/PROGRA~2/ARMGNU~1/14EFD8~1.2RE/bin/../lib/gcc/arm-none-eabi/14.2.1/thumb/v7e-m/nofp\libg.a(libc_a-stdio.o) (_write_r)
C:/PROGRA~2/ARMGNU~1/14EFD8~1.2RE/bin/../lib/gcc/arm-none-eabi/14.2.1/thumb/v7e-m/nofp\libg.a(libc_a-errno.o)
                              CMakeFiles/dino_stm32.elf.dir/Core/Src/syscalls.c.obj (__errno)
[...]
Memory Configuration

Name             Origin             Length             Attributes
RAM              0x20000000         0x00020000         xrw
FLASH            0x08000000         0x00080000         xr
*default*        0x00000000         0xffffffff

Linker script and memory map

LOAD C:/PROGRA~2/ARMGNU~1/14EFD8~1.2RE/bin/../lib/gcc/arm-none-eabi/14.2.1/thumb/v7e-m/nofp/crti.o
LOAD C:/PROGRA~2/ARMGNU~1/14EFD8~1.2RE/bin/../lib/gcc/arm-none-eabi/14.2.1/thumb/v7e-m/nofp/crtbegin.o
LOAD C:/PROGRA~2/ARMGNU~1/14EFD8~1.2RE/bin/../lib/gcc/arm-none-eabi/14.2.1/thumb/v7e-m/nofp/crt0.o
LOAD CMakeFiles/dino_stm32.elf.dir/Core/Src/main.c.obj
LOAD CMakeFiles/dino_stm32.elf.dir/Core/Src/stm32f4xx_hal_msp.c.obj
LOAD CMakeFiles/dino_stm32.elf.dir/Core/Src/stm32f4xx_it.c.obj
LOAD CMakeFiles/dino_stm32.elf.dir/Core/Src/syscalls.c.obj
LOAD CMakeFiles/dino_stm32.elf.dir/Core/Src/sysmem.c.obj
LOAD CMakeFiles/dino_stm32.elf.dir/Core/Src/system_stm32f4xx.c.obj
LOAD CMakeFiles/dino_stm32.elf.dir/Core/Startup/startup_stm32f411retx.s.obj
LOAD CMakeFiles/dino_stm32.elf.dir/Core/ThreadSafe/newlib_lock_glue.c.obj
LOAD CMakeFiles/dino_stm32.elf.dir/Drivers/STM32F4xx_HAL_Driver/Src/stm32f4xx_hal.c.obj
LOAD CMakeFiles/dino_stm32.elf.dir/Drivers/STM32F4xx_HAL_Driver/Src/stm32f4xx_hal_cortex.c.obj
LOAD CMakeFiles/dino_stm32.elf.dir/Drivers/STM32F4xx_HAL_Driver/Src/stm32f4xx_hal_dma.c.obj
LOAD CMakeFiles/dino_stm32.elf.dir/Drivers/STM32F4xx_HAL_Driver/Src/stm32f4xx_hal_dma_ex.c.obj
LOAD CMakeFiles/dino_stm32.elf.dir/Drivers/STM32F4xx_HAL_Driver/Src/stm32f4xx_hal_exti.c.obj
LOAD CMakeFiles/dino_stm32.elf.dir/Drivers/STM32F4xx_HAL_Driver/Src/stm32f4xx_hal_flash.c.obj
LOAD CMakeFiles/dino_stm32.elf.dir/Drivers/STM32F4xx_HAL_Driver/Src/stm32f4xx_hal_flash_ex.c.obj
LOAD CMakeFiles/dino_stm32.elf.dir/Drivers/STM32F4xx_HAL_Driver/Src/stm32f4xx_hal_flash_ramfunc.c.obj
LOAD CMakeFiles/dino_stm32.elf.dir/Drivers/STM32F4xx_HAL_Driver/Src/stm32f4xx_hal_gpio.c.obj
LOAD CMakeFiles/dino_stm32.elf.dir/Drivers/STM32F4xx_HAL_Driver/Src/stm32f4xx_hal_pwr.c.obj
LOAD CMakeFiles/dino_stm32.elf.dir/Drivers/STM32F4xx_HAL_Driver/Src/stm32f4xx_hal_pwr_ex.c.obj
LOAD CMakeFiles/dino_stm32.elf.dir/Drivers/STM32F4xx_HAL_Driver/Src/stm32f4xx_hal_rcc.c.obj
LOAD CMakeFiles/dino_stm32.elf.dir/Drivers/STM32F4xx_HAL_Driver/Src/stm32f4xx_hal_rcc_ex.c.obj
START GROUP
LOAD C:/PROGRA~2/ARMGNU~1/14EFD8~1.2RE/bin/../lib/gcc/arm-none-eabi/14.2.1/thumb/v7e-m/nofp\libgcc.a
LOAD C:/PROGRA~2/ARMGNU~1/14EFD8~1.2RE/bin/../lib/gcc/arm-none-eabi/14.2.1/thumb/v7e-m/nofp\libg.a
LOAD C:/PROGRA~2/ARMGNU~1/14EFD8~1.2RE/bin/../lib/gcc/arm-none-eabi/14.2.1/thumb/v7e-m/nofp\libc.a
END GROUP
LOAD C:/PROGRA~2/ARMGNU~1/14EFD8~1.2RE/bin/../lib/gcc/arm-none-eabi/14.2.1/thumb/v7e-m/nofp/crtend.o
LOAD C:/PROGRA~2/ARMGNU~1/14EFD8~1.2RE/bin/../lib/gcc/arm-none-eabi/14.2.1/thumb/v7e-m/nofp/crtn.o
                0x20020000                        _estack = (ORIGIN (RAM) + LENGTH (RAM))
                0x00000200                        _Min_Heap_Size = 0x200
                0x00000400                        _Min_Stack_Size = 0x400

.isr_vector     0x08000000      0x198
                0x08000000                        . = ALIGN (0x4)
 *(.isr_vector)
 .isr_vector    0x08000000      0x198 CMakeFiles/dino_stm32.elf.dir/Core/Startup/startup_stm32f411retx.s.obj
                0x08000000                g_pfnVectors
                0x08000198                        . = ALIGN (0x4)

.text           0x08000198      0xebc
                0x08000198                        . = ALIGN (0x4)
 *(.text)
 .text          0x08000198       0x30 C:/PROGRA~2/ARMGNU~1/14EFD8~1.2RE/bin/../lib/gcc/arm-none-eabi/14.2.1/thumb/v7e-m/nofp\libgcc.a(_aeabi_uldivmod.o)
                0x08000198                __aeabi_uldivmod
 .text          0x080001c8        0x4 C:/PROGRA~2/ARMGNU~1/14EFD8~1.2RE/bin/../lib/gcc/arm-none-eabi/14.2.1/thumb/v7e-m/nofp\libgcc.a(_dvmd_tls.o)
                0x080001c8                __aeabi_idiv0
                0x080001c8                __aeabi_ldiv0
 *(.text*)
 .text.deregister_tm_clones
                0x080001cc       0x1c C:/PROGRA~2/ARMGNU~1/14EFD8~1.2RE/bin/../lib/gcc/arm-none-eabi/14.2.1/thumb/v7e-m/nofp/crtbegin.o
 .text.register_tm_clones
                0x080001e8       0x24 C:/PROGRA~2/ARMGNU~1/14EFD8~1.2RE/bin/../lib/gcc/arm-none-eabi/14.2.1/thumb/v7e-m/nofp/crtbegin.o
 .text.__do_global_dtors_aux
                0x0800020c       0x28 C:/PROGRA~2/ARMGNU~1/14EFD8~1.2RE/bin/../lib/gcc/arm-none-eabi/14.2.1/thumb/v7e-m/nofp/crtbegin.o
 .text.frame_dummy
                0x08000234       0x24 C:/PROGRA~2/ARMGNU~1/14EFD8~1.2RE/bin/../lib/gcc/arm-none-eabi/14.2.1/thumb/v7e-m/nofp/crtbegin.o
 .text.Error_Handler
                0x08000258        0x4 CMakeFiles/dino_stm32.elf.dir/Core/Src/main.c.obj
                0x08000258                Error_Handler
 .text.SystemClock_Config
                0x0800025c       0x88 CMakeFiles/dino_stm32.elf.dir/Core/Src/main.c.obj
                0x0800025c                SystemClock_Config
 .text.main     0x080002e4        0xc CMakeFiles/dino_stm32.elf.dir/Core/Src/main.c.obj
                0x080002e4                main
 .text.HAL_MspInit
                0x080002f0       0x38 CMakeFiles/dino_stm32.elf.dir/Core/Src/stm32f4xx_hal_msp.c.obj
                0x080002f0                HAL_MspInit
 .text.NMI_Handler
                0x08000328        0x2 CMakeFiles/dino_stm32.elf.dir/Core/Src/stm32f4xx_it.c.obj
                0x08000328                NMI_Handler
 .text.HardFault_Handler
                0x0800032a        0x2 CMakeFiles/dino_stm32.elf.dir/Core/Src/stm32f4xx_it.c.obj
                0x0800032a                HardFault_Handler
 .text.MemManage_Handler
                0x0800032c        0x2 CMakeFiles/dino_stm32.elf.dir/Core/Src/stm32f4xx_it.c.obj
                0x0800032c                MemManage_Handler
 .text.BusFault_Handler
                0x0800032e        0x2 CMakeFiles/dino_stm32.elf.dir/Core/Src/stm32f4xx_it.c.obj
                0x0800032e                BusFault_Handler
 .text.UsageFault_Handler
                0x08000330        0x2 CMakeFiles/dino_stm32.elf.dir/Core/Src/stm32f4xx_it.c.obj
                0x08000330                UsageFault_Handler
 .text.SVC_Handler
                0x08000332        0x2 CMakeFiles/dino_stm32.elf.dir/Core/Src/stm32f4xx_it.c.obj
                0x08000332                SVC_Handler
 .text.DebugMon_Handler
                0x08000334        0x2 CMakeFiles/dino_stm32.elf.dir/Core/Src/stm32f4xx_it.c.obj
                0x08000334                DebugMon_Handler
 .text.PendSV_Handler
                0x08000336        0x2 CMakeFiles/dino_stm32.elf.dir/Core/Src/stm32f4xx_it.c.obj
                0x08000336                PendSV_Handler
 .text.SysTick_Handler
                0x08000338        0x8 CMakeFiles/dino_stm32.elf.dir/Core/Src/stm32f4xx_it.c.obj
                0x08000338                SysTick_Handler
 .text.SystemInit
                0x08000340        0x2 CMakeFiles/dino_stm32.elf.dir/Core/Src/system_stm32f4xx.c.obj
                0x08000340                SystemInit
 *fill*         0x08000342        0x2 
 .text.Reset_Handler
                0x08000344       0x50 CMakeFiles/dino_stm32.elf.dir/Core/Startup/startup_stm32f411retx.s.obj
                0x08000344                Reset_Handler
 .text.Default_Handler
                0x08000394        0x2 CMakeFiles/dino_stm32.elf.dir/Core/Startup/startup_stm32f411retx.s.obj
                0x08000394                RTC_Alarm_IRQHandler
                0x08000394                EXTI2_IRQHandler
                0x08000394                SPI4_IRQHandler
                0x08000394                TIM1_CC_IRQHandler
                0x08000394                DMA2_Stream5_IRQHandler
                0x08000394                DMA1_Stream5_IRQHandler
                0x08000394                PVD_IRQHandler
                0x08000394                SDIO_IRQHandler
                0x08000394                TAMP_STAMP_IRQHandler
                0x08000394                EXTI3_IRQHandler
                0x08000394                TIM1_UP_TIM10_IRQHandler
                0x08000394                I2C3_ER_IRQHandler
                0x08000394                EXTI0_IRQHandler
                0x08000394                I2C2_EV_IRQHandler
                0x08000394                DMA1_Stream2_IRQHandler
                0x08000394                FPU_IRQHandler
                0x08000394                DMA2_Stream2_IRQHandler
                0x08000394                SPI1_IRQHandler
                0x08000394                TIM1_BRK_TIM9_IRQHandler
                0x08000394                DMA2_Stream3_IRQHandler
                0x08000394                USART6_IRQHandler
                0x08000394                DMA2_Stream0_IRQHandler
                0x08000394                TIM4_IRQHandler
                0x08000394                I2C1_EV_IRQHandler
                0x08000394                DMA1_Stream6_IRQHandler
                0x08000394                DMA1_Stream1_IRQHandler
                0x08000394                TIM3_IRQHandler
                0x08000394                RCC_IRQHandler
                0x08000394                Default_Handler
                0x08000394                EXTI15_10_IRQHandler
                0x08000394                ADC_IRQHandler
                0x08000394                DMA1_Stream7_IRQHandler
                0x08000394                SPI5_IRQHandler
                0x08000394                TIM5_IRQHandler
                0x08000394                DMA2_Stream7_IRQHandler
                0x08000394                I2C3_EV_IRQHandler
                0x08000394                EXTI9_5_IRQHandler
                0x08000394                RTC_WKUP_IRQHandler
                0x08000394                SPI2_IRQHandler
                0x08000394                DMA1_Stream0_IRQHandler
                0x08000394                EXTI4_IRQHandler
                0x08000394                WWDG_IRQHandler
                0x08000394                TIM2_IRQHandler
                0x08000394                OTG_FS_WKUP_IRQHandler
                0x08000394                TIM1_TRG_COM_TIM11_IRQHandler
                0x08000394                EXTI1_IRQHandler
                0x08000394                USART2_IRQHandler
                0x08000394                I2C2_ER_IRQHandler
                0x08000394                DMA2_Stream1_IRQHandler
                0x08000394                FLASH_IRQHandler
                0x08000394                DMA2_Stream4_IRQHandler
                0x08000394                USART1_IRQHandler
                0x08000394                OTG_FS_IRQHandler
                0x08000394                SPI3_IRQHandler
                0x08000394                DMA1_Stream4_IRQHandler
                0x08000394                I2C1_ER_IRQHandler
                0x08000394                DMA2_Stream6_IRQHandler
                0x08000394                DMA1_Stream3_IRQHandler
 .text.stm32_lock_acquire
                0x08000396       0x36 CMakeFiles/dino_stm32.elf.dir/Core/ThreadSafe/newlib_lock_glue.c.obj
 .text.stm32_lock_release
                0x080003cc       0x28 CMakeFiles/dino_stm32.elf.dir/Core/ThreadSafe/newlib_lock_glue.c.obj
 .text.__retarget_lock_acquire_recursive
                0x080003f4       0x12 CMakeFiles/dino_stm32.elf.dir/Core/ThreadSafe/newlib_lock_glue.c.obj
                0x080003f4                __retarget_lock_acquire_recursive
 .text.__retarget_lock_release_recursive
                0x08000406       0x12 CMakeFiles/dino_stm32.elf.dir/Core/ThreadSafe/newlib_lock_glue.c.obj
                0x08000406                __retarget_lock_release_recursive
 .text.HAL_InitTick
                0x08000418       0x4c CMakeFiles/dino_stm32.elf.dir/Drivers/STM32F4xx_HAL_Driver/Src/stm32f4xx_hal.c.obj
                0x08000418                HAL_InitTick
 .text.HAL_Init
                0x08000464       0x34 CMakeFiles/dino_stm32.elf.dir/Drivers/STM32F4xx_HAL_Driver/Src/stm32f4xx_hal.c.obj
                0x08000464                HAL_Init
 .text.HAL_IncTick
                0x08000498       0x18 CMakeFiles/dino_stm32.elf.dir/Drivers/STM32F4xx_HAL_Driver/Src/stm32f4xx_hal.c.obj
                0x08000498                HAL_IncTick
 .text.HAL_GetTick
                0x080004b0        0xc CMakeFiles/dino_stm32.elf.dir/Drivers/STM32F4xx_HAL_Driver/Src/stm32f4xx_hal.c.obj
                0x080004b0                HAL_GetTick
 .text.__NVIC_SetPriority
                0x080004bc       0x28 CMakeFiles/dino_stm32.elf.dir/Drivers/STM32F4xx_HAL_Driver/Src/stm32f4xx_hal_cortex.c.obj
 .text.NVIC_EncodePriority
                0x080004e4       0x3e CMakeFiles/dino_stm32.elf.dir/Drivers/STM32F4xx_HAL_Driver/Src/stm32f4xx_hal_cortex.c.obj
 *fill*         0x08000522        0x2 
 .text.HAL_NVIC_SetPriorityGrouping
                0x08000524       0x24 CMakeFiles/dino_stm32.elf.dir/Drivers/STM32F4xx_HAL_Driver/Src/stm32f4xx_hal_cortex.c.obj
                0x08000524                HAL_NVIC_SetPriorityGrouping
 .text.HAL_NVIC_SetPriority
                0x08000548       0x20 CMakeFiles/dino_stm32.elf.dir/Drivers/STM32F4xx_HAL_Driver/Src/stm32f4xx_hal_cortex.c.obj
                0x08000548                HAL_NVIC_SetPriority
 .text.HAL_SYSTICK_Config
                0x08000568       0x28 CMakeFiles/dino_stm32.elf.dir/Drivers/STM32F4xx_HAL_Driver/Src/stm32f4xx_hal_cortex.c.obj
                0x08000568                HAL_SYSTICK_Config
 .text.HAL_RCC_OscConfig
                0x08000590      0x3f8 CMakeFiles/dino_stm32.elf.dir/Drivers/STM32F4xx_HAL_Driver/Src/stm32f4xx_hal_rcc.c.obj
                0x08000590                HAL_RCC_OscConfig
 .text.HAL_RCC_GetSysClockFreq
                0x08000988       0xa8 CMakeFiles/dino_stm32.elf.dir/Drivers/STM32F4xx_HAL_Driver/Src/stm32f4xx_hal_rcc.c.obj
                0x08000988                HAL_RCC_GetSysClockFreq
 .text.HAL_RCC_ClockConfig
                0x08000a30      0x160 CMakeFiles/dino_stm32.elf.dir/Drivers/STM32F4xx_HAL_Driver/Src/stm32f4xx_hal_rcc.c.obj
                0x08000a30                HAL_RCC_ClockConfig
 .text.__udivmoddi4
                0x08000b90      0x2f8 C:/PROGRA~2/ARMGNU~1/14EFD8~1.2RE/bin/../lib/gcc/arm-none-eabi/14.2.1/thumb/v7e-m/nofp\libgcc.a(_udivmoddi4.o)
                0x08000b90                __udivmoddi4
 .text.memset   0x08000e88       0x9c C:/PROGRA~2/ARMGNU~1/14EFD8~1.2RE/bin/../lib/gcc/arm-none-eabi/14.2.1/thumb/v7e-m/nofp\libg.a(libc_a-memset.o)
                0x08000e88                memset
 .text.__libc_init_array
                0x08000f24       0x50 C:/PROGRA~2/ARMGNU~1/14EFD8~1.2RE/bin/../lib/gcc/arm-none-eabi/14.2.1/thumb/v7e-m/nofp\libg.a(libc_a-init.o)
                0x08000f24                __libc_init_array
 .text.startup.register_fini
                0x08000f74       0x14 C:/PROGRA~2/ARMGNU~1/14EFD8~1.2RE/bin/../lib/gcc/arm-none-eabi/14.2.1/thumb/v7e-m/nofp\libg.a(libc_a-__call_atexit.o)
 .text.atexit   0x08000f88        0xc C:/PROGRA~2/ARMGNU~1/14EFD8~1.2RE/bin/../lib/gcc/arm-none-eabi/14.2.1/thumb/v7e-m/nofp\libg.a(libc_a-atexit.o)
                0x08000f88                atexit
 .text.__libc_fini_array
                0x08000f94       0x28 C:/PROGRA~2/ARMGNU~1/14EFD8~1.2RE/bin/../lib/gcc/arm-none-eabi/14.2.1/thumb/v7e-m/nofp\libg.a(libc_a-fini.o)
                0x08000f94                __libc_fini_array
 .text.__register_exitproc
                0x08000fbc       0x80 C:/PROGRA~2/ARMGNU~1/14EFD8~1.2RE/bin/../lib/gcc/arm-none-eabi/14.2.1/thumb/v7e-m/nofp\libg.a(libc_a-__atexit.o)
                0x08000fbc                __register_exitproc
 *(.glue_7)
 .glue_7        0x0800103c        0x0 linker stubs
 *(.glue_7t)
 .glue_7t       0x0800103c        0x0 linker stubs
 *(.eh_frame)
 .eh_frame      0x0800103c        0x0 C:/PROGRA~2/ARMGNU~1/14EFD8~1.2RE/bin/../lib/gcc/arm-none-eabi/14.2.1/thumb/v7e-m/nofp/crtbegin.o
 *(.init)
 .init          0x0800103c        0x4 C:/PROGRA~2/ARMGNU~1/14EFD8~1.2RE/bin/../lib/gcc/arm-none-eabi/14.2.1/thumb/v7e-m/nofp/crti.o
                0x0800103c                _init
 .init          0x08001040        0x8 C:/PROGRA~2/ARMGNU~1/14EFD8~1.2RE/bin/../lib/gcc/arm-none-eabi/14.2.1/thumb/v7e-m/nofp/crtn.o
 *(.fini)
 .fini          0x08001048        0x4 C:/PROGRA~2/ARMGNU~1/14EFD8~1.2RE/bin/../lib/gcc/arm-none-eabi/14.2.1/thumb/v7e-m/nofp/crti.o
                0x08001048                _fini
 .fini          0x0800104c        0x8 C:/PROGRA~2/ARMGNU~1/14EFD8~1.2RE/bin/../lib/gcc/arm-none-eabi/14.2.1/thumb/v7e-m/nofp/crtn.o
                0x08001054                        . = ALIGN (0x4)
                0x08001054                        _etext = .

.vfp11_veneer   0x08001054        0x0
 .vfp11_veneer  0x08001054        0x0 linker stubs

.v4_bx          0x08001054        0x0
 .v4_bx         0x08001054        0x0 linker stubs

.iplt           0x08001054        0x0
 .iplt          0x08001054        0x0 C:/PROGRA~2/ARMGNU~1/14EFD8~1.2RE/bin/../lib/gcc/arm-none-eabi/14.2.1/thumb/v7e-m/nofp/crtbegin.o

.rodata         0x08001054       0x10
                0x08001054                        . = ALIGN (0x4)
 *(.rodata)
 *(.rodata*)
 .rodata.AHBPrescTable
                0x08001054       0x10 CMakeFiles/dino_stm32.elf.dir/Core/Src/system_stm32f4xx.c.obj
                0x08001054                AHBPrescTable
                0x08001064                        . = ALIGN (0x4)

.ARM.extab      0x08001064        0x0
                0x08001064                        . = ALIGN (0x4)
 *(.ARM.extab* .gnu.linkonce.armextab.*)
                0x08001064                        . = ALIGN (0x4)

.ARM            0x08001064        0x8
                0x08001064                        . = ALIGN (0x4)
                0x08001064                        __exidx_start = .
 *(.ARM.exidx*)
 .ARM.exidx.text.__udivmoddi4
                0x08001064        0x8 C:/PROGRA~2/ARMGNU~1/14EFD8~1.2RE/bin/../lib/gcc/arm-none-eabi/14.2.1/thumb/v7e-m/nofp\libgcc.a(_udivmoddi4.o)
                0x0800106c                        __exidx_end = .
                0x0800106c                        . = ALIGN (0x4)

.preinit_array  0x0800106c        0x0
                0x0800106c                        . = ALIGN (0x4)
                0x0800106c                        PROVIDE (__preinit_array_start = .)
 *(.preinit_array*)
                0x0800106c                        PROVIDE (__preinit_array_end = .)
                0x0800106c                        . = ALIGN (0x4)

.init_array     0x0800106c        0x8
                0x0800106c                        . = ALIGN (0x4)
                0x0800106c                        PROVIDE (__init_array_start = .)
 *(SORT_BY_NAME(.init_array.*))
 .init_array.00000
                0x0800106c        0x4 C:/PROGRA~2/ARMGNU~1/14EFD8~1.2RE/bin/../lib/gcc/arm-none-eabi/14.2.1/thumb/v7e-m/nofp\libg.a(libc_a-__call_atexit.o)
 *(.init_array*)
 .init_array    0x08001070        0x4 C:/PROGRA~2/ARMGNU~1/14EFD8~1.2RE/bin/../lib/gcc/arm-none-eabi/14.2.1/thumb/v7e-m/nofp/crtbegin.o
                0x08001074                        PROVIDE (__init_array_end = .)
                0x08001074                        . = ALIGN (0x4)

.fini_array     0x08001074        0x4
                0x08001074                        . = ALIGN (0x4)
                0x08001074                        PROVIDE (__fini_array_start = .)
 *(SORT_BY_NAME(.fini_array.*))
 *(.fini_array*)
 .fini_array    0x08001074        0x4 C:/PROGRA~2/ARMGNU~1/14EFD8~1.2RE/bin/../lib/gcc/arm-none-eabi/14.2.1/thumb/v7e-m/nofp/crtbegin.o
                0x08001078                        PROVIDE (__fini_array_end = .)
                0x08001078                        . = ALIGN (0x4)
                0x08001078                        _sidata = LOADADDR (.data)

.rel.dyn        0x08001078        0x0
 .rel.iplt      0x08001078        0x0 C:/PROGRA~2/ARMGNU~1/14EFD8~1.2RE/bin/../lib/gcc/arm-none-eabi/14.2.1/thumb/v7e-m/nofp/crtbegin.o

.data           0x20000000       0x10 load address 0x08001078
                0x20000000                        . = ALIGN (0x4)
                0x20000000                        _sdata = .
 *(.data)
 *(.data*)
 .data.SystemCoreClock
                0x20000000        0x4 CMakeFiles/dino_stm32.elf.dir/Core/Src/system_stm32f4xx.c.obj
                0x20000000                SystemCoreClock
 .data.uwTickFreq
                0x20000004        0x1 CMakeFiles/dino_stm32.elf.dir/Drivers/STM32F4xx_HAL_Driver/Src/stm32f4xx_hal.c.obj
                0x20000004                uwTickFreq
 *fill*         0x20000005        0x3 
 .data.uwTickPrio
                0x20000008        0x4 CMakeFiles/dino_stm32.elf.dir/Drivers/STM32F4xx_HAL_Driver/Src/stm32f4xx_hal.c.obj
                0x20000008                uwTickPrio
 .data.__atexit_recursive_mutex
                0x2000000c        0x4 C:/PROGRA~2/ARMGNU~1/14EFD8~1.2RE/bin/../lib/gcc/arm-none-eabi/14.2.1/thumb/v7e-m/nofp\libg.a(libc_a-__call_atexit.o)
                0x2000000c                __atexit_recursive_mutex
 *(.RamFunc)
 *(.RamFunc*)
                0x20000010                        . = ALIGN (0x4)
                0x20000010                        _edata = .

.tm_clone_table
                0x20000010        0x0 load address 0x08001088
 .tm_clone_table
                0x20000010        0x0 C:/PROGRA~2/ARMGNU~1/14EFD8~1.2RE/bin/../lib/gcc/arm-none-eabi/14.2.1/thumb/v7e-m/nofp/crtbegin.o
 .tm_clone_table
                0x20000010        0x0 C:/PROGRA~2/ARMGNU~1/14EFD8~1.2RE/bin/../lib/gcc/arm-none-eabi/14.2.1/thumb/v7e-m/nofp/crtend.o

.igot.plt       0x20000010        0x0 load address 0x08001088
 .igot.plt      0x20000010        0x0 C:/PROGRA~2/ARMGNU~1/14EFD8~1.2RE/bin/../lib/gcc/arm-none-eabi/14.2.1/thumb/v7e-m/nofp/crtbegin.o
                0x20000010                        . = ALIGN (0x4)

.bss            0x20000010      0x1b8 load address 0x08001088
                0x20000010                        _sbss = .
                0x20000010                        __bss_start__ = _sbss
 *(.bss)
 *(.bss*)
 .bss.completed.1
                0x20000010        0x1 C:/PROGRA~2/ARMGNU~1/14EFD8~1.2RE/bin/../lib/gcc/arm-none-eabi/14.2.1/thumb/v7e-m/nofp/crtbegin.o
 *fill*         0x20000011        0x3 
 .bss.object.0  0x20000014       0x18 C:/PROGRA~2/ARMGNU~1/14EFD8~1.2RE/bin/../lib/gcc/arm-none-eabi/14.2.1/thumb/v7e-m/nofp/crtbegin.o
 .bss.__lock___atexit_recursive_mutex
                0x2000002c        0x2 CMakeFiles/dino_stm32.elf.dir/Core/ThreadSafe/newlib_lock_glue.c.obj
                0x2000002c                __lock___atexit_recursive_mutex
 *fill*         0x2000002e        0x2 
 .bss.uwTick    0x20000030        0x4 CMakeFiles/dino_stm32.elf.dir/Drivers/STM32F4xx_HAL_Driver/Src/stm32f4xx_hal.c.obj
                0x20000030                uwTick
 .bss.__atexit  0x20000034        0x4 C:/PROGRA~2/ARMGNU~1/14EFD8~1.2RE/bin/../lib/gcc/arm-none-eabi/14.2.1/thumb/v7e-m/nofp\libg.a(libc_a-__call_atexit.o)
                0x20000034                __atexit
 .bss.__atexit0
                0x20000038      0x190 C:/PROGRA~2/ARMGNU~1/14EFD8~1.2RE/bin/../lib/gcc/arm-none-eabi/14.2.1/thumb/v7e-m/nofp\libg.a(libc_a-__atexit.o)
                0x20000038                __atexit0
 *(COMMON)
                0x200001c8                        . = ALIGN (0x4)
                0x200001c8                        _ebss = .
                0x200001c8                        __bss_end__ = _ebss

._user_heap_stack
                0x200001c8      0x600 load address 0x08001088
                0x200001c8                        . = ALIGN (0x8)
                [!provide]                        PROVIDE (end = .)
                0x200001c8                        PROVIDE (_end = .)
                0x200003c8                        . = (. + _Min_Heap_Size)
 *fill*         0x200001c8      0x200 
                0x200007c8                        . = (. + _Min_Stack_Size)
 *fill*         0x200003c8      0x400 
                0x200007c8                        . = ALIGN (0x8)

/DISCARD/
 libc.a(*)
 libm.a(*)
 libgcc.a(*)

.ARM.attributes
                0x00000000       0x2a
 *(.ARM.attributes)
 .ARM.attributes
                0x00000000       0x1e C:/PROGRA~2/ARMGNU~1/14EFD8~1.2RE/bin/../lib/gcc/arm-none-eabi/14.2.1/thumb/v7e-m/nofp/crti.o
 .ARM.attributes
                0x0000001e       0x2e C:/PROGRA~2/ARMGNU~1/14EFD8~1.2RE/bin/../lib/gcc/arm-none-eabi/14.2.1/thumb/v7e-m/nofp/crtbegin.o
 .ARM.attributes
                0x0000004c       0x2e CMakeFiles/dino_stm32.elf.dir/Core/Src/main.c.obj
 .ARM.attributes
                0x0000007a       0x2e CMakeFiles/dino_stm32.elf.dir/Core/Src/stm32f4xx_hal_msp.c.obj
 .ARM.attributes
                0x000000a8       0x2e CMakeFiles/dino_stm32.elf.dir/Core/Src/stm32f4xx_it.c.obj
 .ARM.attributes
                0x000000d6       0x2e CMakeFiles/dino_stm32.elf.dir/Core/Src/system_stm32f4xx.c.obj
 .ARM.attributes
                0x00000104       0x21 CMakeFiles/dino_stm32.elf.dir/Core/Startup/startup_stm32f411retx.s.obj
 .ARM.attributes
                0x00000125       0x2e CMakeFiles/dino_stm32.elf.dir/Core/ThreadSafe/newlib_lock_glue.c.obj
 .ARM.attributes
                0x00000153       0x2e CMakeFiles/dino_stm32.elf.dir/Drivers/STM32F4xx_HAL_Driver/Src/stm32f4xx_hal.c.obj
 .ARM.attributes
                0x00000181       0x2e CMakeFiles/dino_stm32.elf.dir/Drivers/STM32F4xx_HAL_Driver/Src/stm32f4xx_hal_cortex.c.obj
 .ARM.attributes
                0x000001af       0x2e CMakeFiles/dino_stm32.elf.dir/Drivers/STM32F4xx_HAL_Driver/Src/stm32f4xx_hal_rcc.c.obj
 .ARM.attributes
                0x000001dd       0x1e C:/PROGRA~2/ARMGNU~1/14EFD8~1.2RE/bin/../lib/gcc/arm-none-eabi/14.2.1/thumb/v7e-m/nofp\libgcc.a(_aeabi_uldivmod.o)
 .ARM.attributes
                0x000001fb       0x2e C:/PROGRA~2/ARMGNU~1/14EFD8~1.2RE/bin/../lib/gcc/arm-none-eabi/14.2.1/thumb/v7e-m/nofp\libgcc.a(_udivmoddi4.o)
 .ARM.attributes
                0x00000229       0x1e C:/PROGRA~2/ARMGNU~1/14EFD8~1.2RE/bin/../lib/gcc/arm-none-eabi/14.2.1/thumb/v7e-m/nofp\libgcc.a(_dvmd_tls.o)
 .ARM.attributes
                0x00000247       0x2e C:/PROGRA~2/ARMGNU~1/14EFD8~1.2RE/bin/../lib/gcc/arm-none-eabi/14.2.1/thumb/v7e-m/nofp\libg.a(libc_a-memset.o)
 .ARM.attributes
                0x00000275       0x2e C:/PROGRA~2/ARMGNU~1/14EFD8~1.2RE/bin/../lib/gcc/arm-none-eabi/14.2.1/thumb/v7e-m/nofp\libg.a(libc_a-init.o)
 .ARM.attributes
                0x000002a3       0x2e C:/PROGRA~2/ARMGNU~1/14EFD8~1.2RE/bin/../lib/gcc/arm-none-eabi/14.2.1/thumb/v7e-m/nofp\libg.a(libc_a-__call_atexit.o)
 .ARM.attributes
                0x000002d1       0x2e C:/PROGRA~2/ARMGNU~1/14EFD8~1.2RE/bin/../lib/gcc/arm-none-eabi/14.2.1/thumb/v7e-m/nofp\libg.a(libc_a-atexit.o)
 .ARM.attributes
                0x000002ff       0x2e C:/PROGRA~2/ARMGNU~1/14EFD8~1.2RE/bin/../lib/gcc/arm-none-eabi/14.2.1/thumb/v7e-m/nofp\libg.a(libc_a-fini.o)
 .ARM.attributes
                0x0000032d       0x2e C:/PROGRA~2/ARMGNU~1/14EFD8~1.2RE/bin/../lib/gcc/arm-none-eabi/14.2.1/thumb/v7e-m/nofp\libg.a(libc_a-__atexit.o)
 .ARM.attributes
                0x0000035b       0x2e C:/PROGRA~2/ARMGNU~1/14EFD8~1.2RE/bin/../lib/gcc/arm-none-eabi/14.2.1/thumb/v7e-m/nofp/crtend.o
 .ARM.attributes
                0x00000389       0x1e C:/PROGRA~2/ARMGNU~1/14EFD8~1.2RE/bin/../lib/gcc/arm-none-eabi/14.2.1/thumb/v7e-m/nofp/crtn.o
OUTPUT(dino_stm32.elf elf32-littlearm)
LOAD linker stubs
LOAD C:/PROGRA~2/ARMGNU~1/14EFD8~1.2RE/bin/../lib/gcc/arm-none-eabi/14.2.1/thumb/v7e-m/nofp\libc.a
LOAD C:/PROGRA~2/ARMGNU~1/14EFD8~1.2RE/bin/../lib/gcc/arm-none-eabi/14.2.1/thumb/v7e-m/nofp\libm.a
LOAD C:/PROGRA~2/ARMGNU~1/14EFD8~1.2RE/bin/../lib/gcc/arm-none-eabi/14.2.1/thumb/v7e-m/nofp\libgcc.a

.debug_info     0x00000000     0x39ad
 .debug_info    0x00000000      0x54e CMakeFiles/dino_stm32.elf.dir/Core/Src/main.c.obj
 .debug_info    0x0000054e      0x28d CMakeFiles/dino_stm32.elf.dir/Core/Src/stm32f4xx_hal_msp.c.obj
 .debug_info    0x000007db      0x11c CMakeFiles/dino_stm32.elf.dir/Core/Src/stm32f4xx_it.c.obj
 .debug_info    0x000008f7      0x35c CMakeFiles/dino_stm32.elf.dir/Core/Src/system_stm32f4xx.c.obj
 .debug_info    0x00000c53       0x30 CMakeFiles/dino_stm32.elf.dir/Core/Startup/startup_stm32f411retx.s.obj
 .debug_info    0x00000c83      0x9b5 CMakeFiles/dino_stm32.elf.dir/Core/ThreadSafe/newlib_lock_glue.c.obj
 .debug_info    0x00001638      0x962 CMakeFiles/dino_stm32.elf.dir/Drivers/STM32F4xx_HAL_Driver/Src/stm32f4xx_hal.c.obj
 .debug_info    0x00001f9a      0xf65 CMakeFiles/dino_stm32.elf.dir/Drivers/STM32F4xx_HAL_Driver/Src/stm32f4xx_hal_cortex.c.obj
 .debug_info    0x00002eff      0xaae CMakeFiles/dino_stm32.elf.dir/Drivers/STM32F4xx_HAL_Driver/Src/stm32f4xx_hal_rcc.c.obj

.debug_abbrev   0x00000000     0x1052
 .debug_abbrev  0x00000000      0x1d4 CMakeFiles/dino_stm32.elf.dir/Core/Src/main.c.obj
 .debug_abbrev  0x000001d4       0xd6 CMakeFiles/dino_stm32.elf.dir/Core/Src/stm32f4xx_hal_msp.c.obj
 .debug_abbrev  0x000002aa       0x7c CMakeFiles/dino_stm32.elf.dir/Core/Src/stm32f4xx_it.c.obj
 .debug_abbrev  0x00000326      0x120 CMakeFiles/dino_stm32.elf.dir/Core/Src/system_stm32f4xx.c.obj
 .debug_abbrev  0x00000446       0x24 CMakeFiles/dino_stm32.elf.dir/Core/Startup/startup_stm32f411retx.s.obj
 .debug_abbrev  0x0000046a      0x31a CMakeFiles/dino_stm32.elf.dir/Core/ThreadSafe/newlib_lock_glue.c.obj
 .debug_abbrev  0x00000784      0x277 CMakeFiles/dino_stm32.elf.dir/Drivers/STM32F4xx_HAL_Driver/Src/stm32f4xx_hal.c.obj
 .debug_abbrev  0x000009fb      0x391 CMakeFiles/dino_stm32.elf.dir/Drivers/STM32F4xx_HAL_Driver/Src/stm32f4xx_hal_cortex.c.obj
 .debug_abbrev  0x00000d8c      0x2c6 CMakeFiles/dino_stm32.elf.dir/Drivers/STM32F4xx_HAL_Driver/Src/stm32f4xx_hal_rcc.c.obj

.debug_aranges  0x00000000      0x408
 .debug_aranges
                0x00000000       0x30 CMakeFiles/dino_stm32.elf.dir/Core/Src/main.c.obj
 .debug_aranges
                0x00000030       0x20 CMakeFiles/dino_stm32.elf.dir/Core/Src/stm32f4xx_hal_msp.c.obj
 .debug_aranges
                0x00000050       0x60 CMakeFiles/dino_stm32.elf.dir/Core/Src/stm32f4xx_it.c.obj
 .debug_aranges
                0x000000b0       0x28 CMakeFiles/dino_stm32.elf.dir/Core/Src/system_stm32f4xx.c.obj
 .debug_aranges
                0x000000d8       0x28 CMakeFiles/dino_stm32.elf.dir/Core/Startup/startup_stm32f411retx.s.obj
 .debug_aranges
                0x00000100       0x98 CMakeFiles/dino_stm32.elf.dir/Core/ThreadSafe/newlib_lock_glue.c.obj
 .debug_aranges
                0x00000198       0xf0 CMakeFiles/dino_stm32.elf.dir/Drivers/STM32F4xx_HAL_Driver/Src/stm32f4xx_hal.c.obj
 .debug_aranges
                0x00000288       0xf8 CMakeFiles/dino_stm32.elf.dir/Drivers/STM32F4xx_HAL_Driver/Src/stm32f4xx_hal_cortex.c.obj
 .debug_aranges
                0x00000380       0x88 CMakeFiles/dino_stm32.elf.dir/Drivers/STM32F4xx_HAL_Driver/Src/stm32f4xx_hal_rcc.c.obj

.debug_rnglists
                0x00000000      0x2fb
 .debug_rnglists
                0x00000000       0x20 CMakeFiles/dino_stm32.elf.dir/Core/Src/main.c.obj
 .debug_rnglists
                0x00000020       0x13 CMakeFiles/dino_stm32.elf.dir/Core/Src/stm32f4xx_hal_msp.c.obj
 .debug_rnglists
                0x00000033       0x43 CMakeFiles/dino_stm32.elf.dir/Core/Src/stm32f4xx_it.c.obj
 .debug_rnglists
                0x00000076       0x1a CMakeFiles/dino_stm32.elf.dir/Core/Src/system_stm32f4xx.c.obj
 .debug_rnglists
                0x00000090       0x19 CMakeFiles/dino_stm32.elf.dir/Core/Startup/startup_stm32f411retx.s.obj
 .debug_rnglists
                0x000000a9       0x79 CMakeFiles/dino_stm32.elf.dir/Core/ThreadSafe/newlib_lock_glue.c.obj
 .debug_rnglists
                0x00000122       0xaf CMakeFiles/dino_stm32.elf.dir/Drivers/STM32F4xx_HAL_Driver/Src/stm32f4xx_hal.c.obj
 .debug_rnglists
                0x000001d1       0xb5 CMakeFiles/dino_stm32.elf.dir/Drivers/STM32F4xx_HAL_Driver/Src/stm32f4xx_hal_cortex.c.obj
 .debug_rnglists
                0x00000286       0x75 CMakeFiles/dino_stm32.elf.dir/Drivers/STM32F4xx_HAL_Driver/Src/stm32f4xx_hal_rcc.c.obj

.debug_line     0x00000000     0x2fcf
 .debug_line    0x00000000      0x3e6 CMakeFiles/dino_stm32.elf.dir/Core/Src/main.c.obj
 .debug_line    0x000003e6      0x1dc CMakeFiles/dino_stm32.elf.dir/Core/Src/stm32f4xx_hal_msp.c.obj
 .debug_line    0x000005c2      0x1e1 CMakeFiles/dino_stm32.elf.dir/Core/Src/stm32f4xx_it.c.obj
 .debug_line    0x000007a3      0x2a3 CMakeFiles/dino_stm32.elf.dir/Core/Src/system_stm32f4xx.c.obj
 .debug_line    0x00000a46       0x7a CMakeFiles/dino_stm32.elf.dir/Core/Startup/startup_stm32f411retx.s.obj
 .debug_line    0x00000ac0      0x889 CMakeFiles/dino_stm32.elf.dir/Core/ThreadSafe/newlib_lock_glue.c.obj
 .debug_line    0x00001349      0x691 CMakeFiles/dino_stm32.elf.dir/Drivers/STM32F4xx_HAL_Driver/Src/stm32f4xx_hal.c.obj
 .debug_line    0x000019da      0x954 CMakeFiles/dino_stm32.elf.dir/Drivers/STM32F4xx_HAL_Driver/Src/stm32f4xx_hal_cortex.c.obj
 .debug_line    0x0000232e      0xca1 CMakeFiles/dino_stm32.elf.dir/Drivers/STM32F4xx_HAL_Driver/Src/stm32f4xx_hal_rcc.c.obj

.debug_str      0x00000000     0x1add
 .debug_str     0x00000000     0x1add CMakeFiles/dino_stm32.elf.dir/Core/Src/main.c.obj
                                0x519 (size before relaxing)
 .debug_str     0x00001add      0x353 CMakeFiles/dino_stm32.elf.dir/Core/Src/stm32f4xx_hal_msp.c.obj
 .debug_str     0x00001add      0x2b5 CMakeFiles/dino_stm32.elf.dir/Core/Src/stm32f4xx_it.c.obj
 .debug_str     0x00001add      0x3b9 CMakeFiles/dino_stm32.elf.dir/Core/Src/system_stm32f4xx.c.obj
 .debug_str     0x00001add       0xf7 CMakeFiles/dino_stm32.elf.dir/Core/Startup/startup_stm32f411retx.s.obj
 .debug_str     0x00001add      0x62c CMakeFiles/dino_stm32.elf.dir/Core/ThreadSafe/newlib_lock_glue.c.obj
 .debug_str     0x00001add      0xaa4 CMakeFiles/dino_stm32.elf.dir/Drivers/STM32F4xx_HAL_Driver/Src/stm32f4xx_hal.c.obj
 .debug_str     0x00001add      0xba3 CMakeFiles/dino_stm32.elf.dir/Drivers/STM32F4xx_HAL_Driver/Src/stm32f4xx_hal_cortex.c.obj
 .debug_str     0x00001add      0x79e CMakeFiles/dino_stm32.elf.dir/Drivers/STM32F4xx_HAL_Driver/Src/stm32f4xx_hal_rcc.c.obj

.comment        0x00000000       0x45
 .comment       0x00000000       0x45 CMakeFiles/dino_stm32.elf.dir/Core/Src/main.c.obj
                                 0x46 (size before relaxing)
 .comment       0x00000045       0x46 CMakeFiles/dino_stm32.elf.dir/Core/Src/stm32f4xx_hal_msp.c.obj
 .comment       0x00000045       0x46 CMakeFiles/dino_stm32.elf.dir/Core/Src/stm32f4xx_it.c.obj
 .comment       0x00000045       0x46 CMakeFiles/dino_stm32.elf.dir/Core/Src/system_stm32f4xx.c.obj
 .comment       0x00000045       0x46 CMakeFiles/dino_stm32.elf.dir/Core/ThreadSafe/newlib_lock_glue.c.obj
 .comment       0x00000045       0x46 CMakeFiles/dino_stm32.elf.dir/Drivers/STM32F4xx_HAL_Driver/Src/stm32f4xx_hal.c.obj
 .comment       0x00000045       0x46 CMakeFiles/dino_stm32.elf.dir/Drivers/STM32F4xx_HAL_Driver/Src/stm32f4xx_hal_cortex.c.obj
 .comment       0x00000045       0x46 CMakeFiles/dino_stm32.elf.dir/Drivers/STM32F4xx_HAL_Driver/Src/stm32f4xx_hal_rcc.c.obj

.debug_frame    0x00000000      0x9e8
 .debug_frame   0x00000000       0x58 CMakeFiles/dino_stm32.elf.dir/Core/Src/main.c.obj
 .debug_frame   0x00000058       0x28 CMakeFiles/dino_stm32.elf.dir/Core/Src/stm32f4xx_hal_msp.c.obj
 .debug_frame   0x00000080       0xa8 CMakeFiles/dino_stm32.elf.dir/Core/Src/stm32f4xx_it.c.obj
 .debug_frame   0x00000128       0x30 CMakeFiles/dino_stm32.elf.dir/Core/Src/system_stm32f4xx.c.obj
 .debug_frame   0x00000158      0x188 CMakeFiles/dino_stm32.elf.dir/Core/ThreadSafe/newlib_lock_glue.c.obj
 .debug_frame   0x000002e0      0x1ec CMakeFiles/dino_stm32.elf.dir/Drivers/STM32F4xx_HAL_Driver/Src/stm32f4xx_hal.c.obj
 .debug_frame   0x000004cc      0x214 CMakeFiles/dino_stm32.elf.dir/Drivers/STM32F4xx_HAL_Driver/Src/stm32f4xx_hal_cortex.c.obj
 .debug_frame   0x000006e0      0x16c CMakeFiles/dino_stm32.elf.dir/Drivers/STM32F4xx_HAL_Driver/Src/stm32f4xx_hal_rcc.c.obj
 .debug_frame   0x0000084c       0x2c C:/PROGRA~2/ARMGNU~1/14EFD8~1.2RE/bin/../lib/gcc/arm-none-eabi/14.2.1/thumb/v7e-m/nofp\libgcc.a(_aeabi_uldivmod.o)
 .debug_frame   0x00000878       0x34 C:/PROGRA~2/ARMGNU~1/14EFD8~1.2RE/bin/../lib/gcc/arm-none-eabi/14.2.1/thumb/v7e-m/nofp\libgcc.a(_udivmoddi4.o)
 .debug_frame   0x000008ac       0x2c C:/PROGRA~2/ARMGNU~1/14EFD8~1.2RE/bin/../lib/gcc/arm-none-eabi/14.2.1/thumb/v7e-m/nofp\libg.a(libc_a-memset.o)
 .debug_frame   0x000008d8       0x2c C:/PROGRA~2/ARMGNU~1/14EFD8~1.2RE/bin/../lib/gcc/arm-none-eabi/14.2.1/thumb/v7e-m/nofp\libg.a(libc_a-init.o)
 .debug_frame   0x00000904       0x5c C:/PROGRA~2/ARMGNU~1/14EFD8~1.2RE/bin/../lib/gcc/arm-none-eabi/14.2.1/thumb/v7e-m/nofp\libg.a(libc_a-__call_atexit.o)
 .debug_frame   0x00000960       0x20 C:/PROGRA~2/ARMGNU~1/14EFD8~1.2RE/bin/../lib/gcc/arm-none-eabi/14.2.1/thumb/v7e-m/nofp\libg.a(libc_a-atexit.o)
 .debug_frame   0x00000980       0x34 C:/PROGRA~2/ARMGNU~1/14EFD8~1.2RE/bin/../lib/gcc/arm-none-eabi/14.2.1/thumb/v7e-m/nofp\libg.a(libc_a-fini.o)
 .debug_frame   0x000009b4       0x34 C:/PROGRA~2/ARMGNU~1/14EFD8~1.2RE/bin/../lib/gcc/arm-none-eabi/14.2.1/thumb/v7e-m/nofp\libg.a(libc_a-__atexit.o)

.debug_loclists
                0x00000000      0xe78
 .debug_loclists
                0x00000000       0xe7 CMakeFiles/dino_stm32.elf.dir/Core/Src/system_stm32f4xx.c.obj
 .debug_loclists
                0x000000e7      0x388 CMakeFiles/dino_stm32.elf.dir/Core/ThreadSafe/newlib_lock_glue.c.obj
 .debug_loclists
                0x0000046f       0xe1 CMakeFiles/dino_stm32.elf.dir/Drivers/STM32F4xx_HAL_Driver/Src/stm32f4xx_hal.c.obj
 .debug_loclists
                0x00000550      0x54d CMakeFiles/dino_stm32.elf.dir/Drivers/STM32F4xx_HAL_Driver/Src/stm32f4xx_hal_cortex.c.obj
 .debug_loclists
                0x00000a9d      0x3db CMakeFiles/dino_stm32.elf.dir/Drivers/STM32F4xx_HAL_Driver/Src/stm32f4xx_hal_rcc.c.obj

.debug_line_str
                0x00000000      0x1b1
 .debug_line_str
                0x00000000      0x1b1 CMakeFiles/dino_stm32.elf.dir/Core/Startup/startup_stm32f411retx.s.obj
                                 0xdb (size before relaxing)
 .debug_line_str
                0x000001b1       0xca C:/PROGRA~2/ARMGNU~1/14EFD8~1.2RE/bin/../lib/gcc/arm-none-eabi/14.2.1/thumb/v7e-m/nofp\libgcc.a(_aeabi_uldivmod.o)
 .debug_line_str
                0x000001b1       0xce C:/PROGRA~2/ARMGNU~1/14EFD8~1.2RE/bin/../lib/gcc/arm-none-eabi/14.2.1/thumb/v7e-m/nofp\libgcc.a(_dvmd_tls.o)
